// Jest Snapshot v1, https://goo.gl/fbAQLP

exports[`WarpContent With default case should render correspondingly 1`] = `
<Form
  className="WarpContent__form"
  inline={false}
  onSubmit={[Function]}
>
  <CardBody
    className="WarpContent__form__content"
  >
    <Container
      fluid={true}
    >
      <ForwardRef
        noGutters={false}
      >
        <Col>
          <FormGroup
            controlId="sourceAccountNumber"
          >
            <FormLabel
              column={false}
              srOnly={false}
            >
              <span>
                From:
              </span>
            </FormLabel>
            <FormControl
              className="WarpContent__form__content__input__src WarpContent__form__content__input"
              onChange={[Function]}
              placeholder="Account Number"
              type="text"
              value=""
            />
          </FormGroup>
        </Col>
        <Col>
          <FormGroup
            controlId="destinationAccountNumber"
          >
            <FormLabel
              column={false}
              srOnly={false}
            >
              <span>
                To:
              </span>
            </FormLabel>
            <FormControl
              className="WarpContent__form__content__input__dest WarpContent__form__content__input"
              onChange={[Function]}
              placeholder="Account Number"
              type="text"
              value=""
            />
          </FormGroup>
        </Col>
      </ForwardRef>
      <ForwardRef
        className="WarpContent__form__content__amount"
        noGutters={false}
      >
        <Col>
          <FormGroup
            controlId="assetAmount"
          >
            <FormControl
              onBlur={[Function]}
              onChange={[Function]}
              placeholder="0.00"
              type="text"
              value=""
            />
          </FormGroup>
        </Col>
        <Col>
          <FormGroup
            controlId="assetSelection"
          >
            <FormControl
              as="select"
              onChange={[Function]}
              value="FOO"
            />
          </FormGroup>
        </Col>
      </ForwardRef>
    </Container>
  </CardBody>
  <CardFooter
    className="WarpContent__footer"
  >
    <Container
      fluid={true}
    >
      <ForwardRef
        noGutters={false}
      >
        <Col
          className="WarpContent__footer__btn"
        >
          <Button
            active={false}
            disabled={false}
            type="submit"
            variant="dark"
          >
            Transfer
          </Button>
        </Col>
      </ForwardRef>
    </Container>
  </CardFooter>
</Form>
`;
